// Jest Snapshot v1, https://goo.gl/fbAQLP

exports[`parseDict should parse dict with exotics 1`] = `
Map {
  49451966632621557758120471512616710959653013068366703758014780023369952074677n => Slice {
    "_reader": BitReader {
      "_bits": BitString {
        "_data": Buffer{02138209ceefd2dc55a704b0010203130104e777e96e2ad3825804030208480101b3e9649d10ccb379368e81a3a7e8e49c8eb53f6acc69b0ba2ffa80082f70ee390001084801019c51d06344b2b65d31a4e7a7afba81a9093c013a168d277814166f1301ed27e500320313010327bdac87387080b8300605084801016f315f25b4a39ac12c85fea4ecfe7a83e5e59d1f059783fa0c3ef27973088061000003130101408dc664dffe8cd82f0708031301004c01e2de1ab47e380a090808480101ed7e26bd36efa6d5d9b4f6aaab9813af0742a84244977f74fd4074c9c98908be000008480101fa4c0d6d03bc3932a954644fe22186659a1158ff49cc7c6f58107e08038a06f40026031100fc9570bdb69577b82e0c0b08480101d7acbb602338c86d610f35cfb362fd76fc18b1812476b6fca99a0678e665fcf50000021100e0bed23ce79ebd282d0d021100e07887362379c1e80f0e08480101ee5b6f06c2f2520b024716ec1bd31aa7c7eda724c3fc6b27ee3127d83495acbb0022020f00dc59fd2d67bc082c10020f00cf5dee06568448121108480101a6a9f1e0563e54c5797d9382824d756987a61a2961fb88df0d05c67d59ee3b64001f020f00cc102f3b96ef282b13020f00c183e029c32ee8151408480101e19268c6b155b513fffc8d2ed5b4550ffe71bed77781cf60c7f1bea591191fa30013020f00c0bdc19e91f9882a16020f00c05bfd3abb15a818170848010149c9433921924a10c4fef456a40d9560b60a50cbabab61c468271fe54339421d0012020f00c023d35269ecc82919020d00b410aa12d9881b1a08480101145b60462eb231711d31520973f5ec4ce6c37dd3385fc60751056d0592339005000f020d00a5a30e36b1881d1c08480101db43024ae79699f7ad49aaf42e2fb943c229eedd352683ea800261540befe0f1000c020d00a16230bafb48281e020d00a15fe67c0c48271f020d00a044c73cf1e8212008480101c5add69cd906a8077034977f149954913540b8a58c21d85c86279565f8cca12600090209006d1178682622020900673cd1e8242308480101ac75ceca7dbb70b76a60ce752243f6641d0c2aa18838fe6609626851f02e05a00002018fbad1dfc8e3792a2eaf9080885ccfe63046236e125a0ec1d0edfbfb75b8dda801d5efb18661b94a58b566fdd953b2f39069c3ee5f3482a818d78364513710bb4600002e53469f2c8325084801019eec8302a9f6a5829743fc2c83d9d3d265e5cd8973fd70fdd9df764898115aff000108480101c48b66dfa18ef9a15ad46ec8bc0ee7123c6d6858471ddca1d4198a7433e45031000208480101627e72e1c7e71dbc478d8e5c754de9ad497fb557247993c52f3c1a9feb66cdb00002084801013b3d832e0265f518b2761c80b5a495a0969ddcc61436700d6c82f31677d28049000d08480101cc9c0b6794f85b05ccf60c7d0845f48ab83d587de0558056ae8e3916fa21ea0e000f084801015cb263b4f7d1fc8ec139a2789f13b612de763e65a111fe9712aa3f919b8afac1001708480101baeb0bb8b81f13b7620b8fda7acfdb3e4d12520920aee25453e876a41a1ac99c0017084801016650539f828dae522e9c5d1e05bd5e936166cf73b8bf779326110380e0519b81001b084801015ec770686476152cc335e91cec7b586e9dbeba898c974b3250be91341a241aa10023084801011b5e238725d727b44b4590a72b2aefb2847d3ac04ebe77dd39d2ba003aab4bcf00210848010159fb49ea17c02e11fd78ab3edc4a37174236ac4c50b98ef93568b10b3f334c1c002708480101dcc1931b49ada754c210e629ed9f09909cade5546eac22a37856ded37a3767410214},
        "_length": 575,
        "_offset": 6440,
        Symbol(nodejs.util.inspect.custom): [Function],
      },
      "_checkpoints": [],
      "_offset": 245,
    },
    "_refs": [
      p{01019EEC8302A9F6A5829743FC2C83D9D3D265E5CD8973FD70FDD9DF764898115AFF0001},
    ],
    "_refsOffset": 0,
    Symbol(nodejs.util.inspect.custom): [Function],
  },
}
`;

exports[`parseDict should parse with single node 1`] = `
Map {
  113728506967403912844988930199811170511118141411198189003219273357906839886749n => Slice {
    "_reader": BitReader {
      "_bits": BitString {
        "_data": Buffer{a01f6e01b8f0a32c242ce41087ffee755406d9bcf9059a75e6b28d4af2a8250b73a8ee6b2800000000000000000000000000000000000000000000000000000000000000000000000000000000000000000000000000000000000000000000000000000000000000000000000000000000000000000000000000000000000000},
        "_length": 304,
        "_offset": 0,
        Symbol(nodejs.util.inspect.custom): [Function],
      },
      "_checkpoints": [],
      "_offset": 267,
    },
    "_refs": [],
    "_refsOffset": 0,
    Symbol(nodejs.util.inspect.custom): [Function],
  },
}
`;
