// Jest Snapshot v1, https://goo.gl/fbAQLP

exports[`serializeDict should build prefix tree 1`] = `
Cell {
  "_depths": [
    2,
    2,
    2,
    2,
  ],
  "_hashes": [
    Buffer{c8c0ca7071eabf18a71adcbb398d1d2164b1378b9ae70c00510049fb865aec6a},
    Buffer{c8c0ca7071eabf18a71adcbb398d1d2164b1378b9ae70c00510049fb865aec6a},
    Buffer{c8c0ca7071eabf18a71adcbb398d1d2164b1378b9ae70c00510049fb865aec6a},
    Buffer{c8c0ca7071eabf18a71adcbb398d1d2164b1378b9ae70c00510049fb865aec6a},
  ],
  "beginParse": [Function],
  "bits": BitString {
    "_data": Buffer{c800000000000000000000000000000000000000000000000000000000000000000000000000000000000000000000000000000000000000000000000000000000000000000000000000000000000000000000000000000000000000000000000000000000000000000000000000000000000000000000000000000000000000},
    "_length": 8,
    "_offset": 0,
    Symbol(nodejs.util.inspect.custom): [Function],
  },
  "depth": [Function],
  "equals": [Function],
  "hash": [Function],
  "level": [Function],
  "mask": LevelMask {
    "_hashCount": 1,
    "_hashIndex": 0,
    "_mask": 0,
  },
  "refs": [
    Cell {
      "_depths": [
        1,
        1,
        1,
        1,
      ],
      "_hashes": [
        Buffer{c615ca8b15809e9db17119e66b7dc324b5bbd248c8caf2fe6356676e7d6b800e},
        Buffer{c615ca8b15809e9db17119e66b7dc324b5bbd248c8caf2fe6356676e7d6b800e},
        Buffer{c615ca8b15809e9db17119e66b7dc324b5bbd248c8caf2fe6356676e7d6b800e},
        Buffer{c615ca8b15809e9db17119e66b7dc324b5bbd248c8caf2fe6356676e7d6b800e},
      ],
      "beginParse": [Function],
      "bits": BitString {
        "_data": Buffer{6000000000000000000000000000000000000000000000000000000000000000000000000000000000000000000000000000000000000000000000000000000000000000000000000000000000000000000000000000000000000000000000000000000000000000000000000000000000000000000000000000000000000000},
        "_length": 6,
        "_offset": 0,
        Symbol(nodejs.util.inspect.custom): [Function],
      },
      "depth": [Function],
      "equals": [Function],
      "hash": [Function],
      "level": [Function],
      "mask": LevelMask {
        "_hashCount": 1,
        "_hashIndex": 0,
        "_mask": 0,
      },
      "refs": [
        Cell {
          "_depths": [
            0,
            0,
            0,
            0,
          ],
          "_hashes": [
            Buffer{c5cf368cde29d296d3d448d6140d3c2cf825e755ddd52bb3b8bd97c22adc9c77},
            Buffer{c5cf368cde29d296d3d448d6140d3c2cf825e755ddd52bb3b8bd97c22adc9c77},
            Buffer{c5cf368cde29d296d3d448d6140d3c2cf825e755ddd52bb3b8bd97c22adc9c77},
            Buffer{c5cf368cde29d296d3d448d6140d3c2cf825e755ddd52bb3b8bd97c22adc9c77},
          ],
          "beginParse": [Function],
          "bits": BitString {
            "_data": Buffer{a680548000000000000000000000000000000000000000000000000000000000000000000000000000000000000000000000000000000000000000000000000000000000000000000000000000000000000000000000000000000000000000000000000000000000000000000000000000000000000000000000000000000000},
            "_length": 25,
            "_offset": 0,
            Symbol(nodejs.util.inspect.custom): [Function],
          },
          "depth": [Function],
          "equals": [Function],
          "hash": [Function],
          "level": [Function],
          "mask": LevelMask {
            "_hashCount": 1,
            "_hashIndex": 0,
            "_mask": 0,
          },
          "refs": [],
          "type": -1,
          Symbol(nodejs.util.inspect.custom): [Function],
        },
        Cell {
          "_depths": [
            0,
            0,
            0,
            0,
          ],
          "_hashes": [
            Buffer{11ed2c52db114c9b013a694072ce0e6fbc0c0567e8ac53599c88e76ae51e3bbd},
            Buffer{11ed2c52db114c9b013a694072ce0e6fbc0c0567e8ac53599c88e76ae51e3bbd},
            Buffer{11ed2c52db114c9b013a694072ce0e6fbc0c0567e8ac53599c88e76ae51e3bbd},
            Buffer{11ed2c52db114c9b013a694072ce0e6fbc0c0567e8ac53599c88e76ae51e3bbd},
          ],
          "beginParse": [Function],
          "bits": BitString {
            "_data": Buffer{a080908000000000000000000000000000000000000000000000000000000000000000000000000000000000000000000000000000000000000000000000000000000000000000000000000000000000000000000000000000000000000000000000000000000000000000000000000000000000000000000000000000000000},
            "_length": 25,
            "_offset": 0,
            Symbol(nodejs.util.inspect.custom): [Function],
          },
          "depth": [Function],
          "equals": [Function],
          "hash": [Function],
          "level": [Function],
          "mask": LevelMask {
            "_hashCount": 1,
            "_hashIndex": 0,
            "_mask": 0,
          },
          "refs": [],
          "type": -1,
          Symbol(nodejs.util.inspect.custom): [Function],
        },
      ],
      "type": -1,
      Symbol(nodejs.util.inspect.custom): [Function],
    },
    Cell {
      "_depths": [
        0,
        0,
        0,
        0,
      ],
      "_hashes": [
        Buffer{56a96869dacf6909c81210f7125275349ec253a143c4b2c001c7f8d68332842a},
        Buffer{56a96869dacf6909c81210f7125275349ec253a143c4b2c001c7f8d68332842a},
        Buffer{56a96869dacf6909c81210f7125275349ec253a143c4b2c001c7f8d68332842a},
        Buffer{56a96869dacf6909c81210f7125275349ec253a143c4b2c001c7f8d68332842a},
      ],
      "beginParse": [Function],
      "bits": BitString {
        "_data": Buffer{befdf21000000000000000000000000000000000000000000000000000000000000000000000000000000000000000000000000000000000000000000000000000000000000000000000000000000000000000000000000000000000000000000000000000000000000000000000000000000000000000000000000000000000},
        "_length": 28,
        "_offset": 0,
        Symbol(nodejs.util.inspect.custom): [Function],
      },
      "depth": [Function],
      "equals": [Function],
      "hash": [Function],
      "level": [Function],
      "mask": LevelMask {
        "_hashCount": 1,
        "_hashIndex": 0,
        "_mask": 0,
      },
      "refs": [],
      "type": -1,
      Symbol(nodejs.util.inspect.custom): [Function],
    },
  ],
  "type": -1,
  Symbol(nodejs.util.inspect.custom): [Function],
}
`;
