// Jest Snapshot v1, https://goo.gl/fbAQLP

exports[`short-circuit-initialization short-circuit-constant-init-and should fail boolean short-circuiting during initialization 1`] = `
"<unknown>:8:16: Cannot evaluate expression to a constant: divisor expression must be non-zero
  7 | fun exception(v: Int): Bool {
> 8 |     return 1 / v == 0;
                     ^
  9 | }
"
`;

exports[`short-circuit-initialization short-circuit-constant-init-or should fail boolean short-circuiting during initialization 1`] = `
"<unknown>:8:16: Cannot evaluate expression to a constant: divisor expression must be non-zero
  7 | fun exception(v: Int): Bool {
> 8 |     return 1 / v == 0;
                     ^
  9 | }
"
`;

exports[`short-circuit-initialization short-circuit-contract-constant-init-and should fail boolean short-circuiting during initialization 1`] = `
"<unknown>:8:16: Cannot evaluate expression to a constant: divisor expression must be non-zero
  7 | fun exception(v: Int): Bool {
> 8 |     return 1 / v == 0;
                     ^
  9 | }
"
`;

exports[`short-circuit-initialization short-circuit-contract-constant-init-or should fail boolean short-circuiting during initialization 1`] = `
"<unknown>:8:16: Cannot evaluate expression to a constant: divisor expression must be non-zero
  7 | fun exception(v: Int): Bool {
> 8 |     return 1 / v == 0;
                     ^
  9 | }
"
`;

exports[`short-circuit-initialization short-circuit-contract-init-and should fail boolean short-circuiting during initialization 1`] = `
"<unknown>:8:16: Cannot evaluate expression to a constant: divisor expression must be non-zero
  7 | fun exception(v: Int): Bool {
> 8 |     return 1 / v == 0;
                     ^
  9 | }
"
`;

exports[`short-circuit-initialization short-circuit-contract-init-or should fail boolean short-circuiting during initialization 1`] = `
"<unknown>:8:16: Cannot evaluate expression to a constant: divisor expression must be non-zero
  7 | fun exception(v: Int): Bool {
> 8 |     return 1 / v == 0;
                     ^
  9 | }
"
`;

exports[`short-circuit-initialization short-circuit-struct-init-and should fail boolean short-circuiting during initialization 1`] = `
"<unknown>:10:16: Cannot evaluate expression to a constant: divisor expression must be non-zero
   9 | fun exception(v: Int): Bool {
> 10 |     return 1 / v == 0;
                      ^
  11 | }
"
`;

exports[`short-circuit-initialization short-circuit-struct-init-or should fail boolean short-circuiting during initialization 1`] = `
"<unknown>:10:16: Cannot evaluate expression to a constant: divisor expression must be non-zero
   9 | fun exception(v: Int): Bool {
> 10 |     return 1 / v == 0;
                      ^
  11 | }
"
`;
